[0.009s] Invoking command in '/home/lego/2026_TIRT/build/car_assemble_description': CMAKE_PREFIX_PATH=${CMAKE_PREFIX_PATH}:/home/lego/2026_TIRT/install/ominibot_driver:/home/lego/ros2_ws/install/ominibot_driver:/opt/ros/humble /usr/bin/cmake --build /home/lego/2026_TIRT/build/car_assemble_description -- -j16 -l16
[0.041s] Invoked command in '/home/lego/2026_TIRT/build/car_assemble_description' returned '0': CMAKE_PREFIX_PATH=${CMAKE_PREFIX_PATH}:/home/lego/2026_TIRT/install/ominibot_driver:/home/lego/ros2_ws/install/ominibot_driver:/opt/ros/humble /usr/bin/cmake --build /home/lego/2026_TIRT/build/car_assemble_description -- -j16 -l16
[0.050s] Invoking command in '/home/lego/2026_TIRT/build/car_assemble_description': CMAKE_PREFIX_PATH=${CMAKE_PREFIX_PATH}:/home/lego/2026_TIRT/install/ominibot_driver:/home/lego/ros2_ws/install/ominibot_driver:/opt/ros/humble /usr/bin/cmake --install /home/lego/2026_TIRT/build/car_assemble_description
[0.055s] -- Install configuration: ""
[0.055s] -- Up-to-date: /home/lego/2026_TIRT/install/car_assemble_description/share/car_assemble_description/config
[0.055s] -- Up-to-date: /home/lego/2026_TIRT/install/car_assemble_description/share/car_assemble_description/config/mapper_params_online_async.yaml
[0.055s] -- Up-to-date: /home/lego/2026_TIRT/install/car_assemble_description/share/car_assemble_description/config/joint_names_CAR_ASSEMBLE_URDF.yaml
[0.055s] -- Up-to-date: /home/lego/2026_TIRT/install/car_assemble_description/share/car_assemble_description/launch
[0.055s] -- Up-to-date: /home/lego/2026_TIRT/install/car_assemble_description/share/car_assemble_description/launch/slam_pc.launch.py
[0.056s] -- Up-to-date: /home/lego/2026_TIRT/install/car_assemble_description/share/car_assemble_description/launch/display.launch.py
[0.056s] -- Up-to-date: /home/lego/2026_TIRT/install/car_assemble_description/share/car_assemble_description/launch/gazebo.launch.py
[0.056s] -- Up-to-date: /home/lego/2026_TIRT/install/car_assemble_description/share/car_assemble_description/launch/robot_bringup.launch.py
[0.056s] -- Up-to-date: /home/lego/2026_TIRT/install/car_assemble_description/share/car_assemble_description/meshes
[0.056s] -- Up-to-date: /home/lego/2026_TIRT/install/car_assemble_description/share/car_assemble_description/meshes/lidar_link.STL
[0.056s] -- Up-to-date: /home/lego/2026_TIRT/install/car_assemble_description/share/car_assemble_description/meshes/front_right_wheel_link.STL
[0.056s] -- Up-to-date: /home/lego/2026_TIRT/install/car_assemble_description/share/car_assemble_description/meshes/front_left_wheel_link.STL
[0.056s] -- Up-to-date: /home/lego/2026_TIRT/install/car_assemble_description/share/car_assemble_description/meshes/rear_left_wheel_link.STL
[0.056s] -- Up-to-date: /home/lego/2026_TIRT/install/car_assemble_description/share/car_assemble_description/meshes/rear_right_wheel_link.STL
[0.056s] -- Up-to-date: /home/lego/2026_TIRT/install/car_assemble_description/share/car_assemble_description/meshes/base_link.STL
[0.056s] -- Up-to-date: /home/lego/2026_TIRT/install/car_assemble_description/share/car_assemble_description/rviz
[0.056s] -- Up-to-date: /home/lego/2026_TIRT/install/car_assemble_description/share/car_assemble_description/rviz/view_robot.rviz
[0.056s] -- Up-to-date: /home/lego/2026_TIRT/install/car_assemble_description/share/car_assemble_description/urdf
[0.056s] -- Up-to-date: /home/lego/2026_TIRT/install/car_assemble_description/share/car_assemble_description/urdf/CAR_ASSEMBLE_URDF.csv
[0.056s] -- Up-to-date: /home/lego/2026_TIRT/install/car_assemble_description/share/car_assemble_description/urdf/CAR_ASSEMBLE_URDF.urdf
[0.056s] -- Up-to-date: /home/lego/2026_TIRT/install/car_assemble_description/share/ament_index/resource_index/package_run_dependencies/car_assemble_description
[0.056s] -- Up-to-date: /home/lego/2026_TIRT/install/car_assemble_description/share/ament_index/resource_index/parent_prefix_path/car_assemble_description
[0.056s] -- Up-to-date: /home/lego/2026_TIRT/install/car_assemble_description/share/car_assemble_description/environment/ament_prefix_path.sh
[0.057s] -- Up-to-date: /home/lego/2026_TIRT/install/car_assemble_description/share/car_assemble_description/environment/ament_prefix_path.dsv
[0.057s] -- Up-to-date: /home/lego/2026_TIRT/install/car_assemble_description/share/car_assemble_description/environment/path.sh
[0.057s] -- Up-to-date: /home/lego/2026_TIRT/install/car_assemble_description/share/car_assemble_description/environment/path.dsv
[0.057s] -- Up-to-date: /home/lego/2026_TIRT/install/car_assemble_description/share/car_assemble_description/local_setup.bash
[0.057s] -- Up-to-date: /home/lego/2026_TIRT/install/car_assemble_description/share/car_assemble_description/local_setup.sh
[0.057s] -- Up-to-date: /home/lego/2026_TIRT/install/car_assemble_description/share/car_assemble_description/local_setup.zsh
[0.057s] -- Up-to-date: /home/lego/2026_TIRT/install/car_assemble_description/share/car_assemble_description/local_setup.dsv
[0.057s] -- Installing: /home/lego/2026_TIRT/install/car_assemble_description/share/car_assemble_description/package.dsv
[0.057s] -- Up-to-date: /home/lego/2026_TIRT/install/car_assemble_description/share/ament_index/resource_index/packages/car_assemble_description
[0.057s] -- Up-to-date: /home/lego/2026_TIRT/install/car_assemble_description/share/car_assemble_description/cmake/car_assemble_descriptionConfig.cmake
[0.057s] -- Up-to-date: /home/lego/2026_TIRT/install/car_assemble_description/share/car_assemble_description/cmake/car_assemble_descriptionConfig-version.cmake
[0.057s] -- Up-to-date: /home/lego/2026_TIRT/install/car_assemble_description/share/car_assemble_description/package.xml
[0.057s] Invoked command in '/home/lego/2026_TIRT/build/car_assemble_description' returned '0': CMAKE_PREFIX_PATH=${CMAKE_PREFIX_PATH}:/home/lego/2026_TIRT/install/ominibot_driver:/home/lego/ros2_ws/install/ominibot_driver:/opt/ros/humble /usr/bin/cmake --install /home/lego/2026_TIRT/build/car_assemble_description
