[0.360s] Invoking command in '/home/lego/2026_TIRT/ominibot_driver': PYTHONPATH=/home/lego/2026_TIRT/build/ominibot_driver/prefix_override:/usr/lib/python3/dist-packages/colcon_core/task/python/colcon_distutils_commands:/home/lego/2026_TIRT/install/ominibot_driver/lib/python3.10/site-packages:${PYTHONPATH} /usr/bin/python3 -W ignore:setup.py install is deprecated -W ignore:easy_install command is deprecated setup.py egg_info --egg-base ../build/ominibot_driver build --build-base /home/lego/2026_TIRT/build/ominibot_driver/build install --record /home/lego/2026_TIRT/build/ominibot_driver/install.log --single-version-externally-managed install_data
[0.481s] running egg_info
[0.481s] creating ../build/ominibot_driver/ominibot_driver.egg-info
[0.482s] writing ../build/ominibot_driver/ominibot_driver.egg-info/PKG-INFO
[0.482s] writing dependency_links to ../build/ominibot_driver/ominibot_driver.egg-info/dependency_links.txt
[0.482s] writing entry points to ../build/ominibot_driver/ominibot_driver.egg-info/entry_points.txt
[0.482s] writing requirements to ../build/ominibot_driver/ominibot_driver.egg-info/requires.txt
[0.482s] writing top-level names to ../build/ominibot_driver/ominibot_driver.egg-info/top_level.txt
[0.482s] writing manifest file '../build/ominibot_driver/ominibot_driver.egg-info/SOURCES.txt'
[0.483s] reading manifest file '../build/ominibot_driver/ominibot_driver.egg-info/SOURCES.txt'
[0.483s] writing manifest file '../build/ominibot_driver/ominibot_driver.egg-info/SOURCES.txt'
[0.483s] running build
[0.483s] running build_py
[0.483s] creating /home/lego/2026_TIRT/build/ominibot_driver/build
[0.483s] creating /home/lego/2026_TIRT/build/ominibot_driver/build/lib
[0.483s] creating /home/lego/2026_TIRT/build/ominibot_driver/build/lib/ominibot_driver
[0.483s] copying ominibot_driver/teleop_node.py -> /home/lego/2026_TIRT/build/ominibot_driver/build/lib/ominibot_driver
[0.484s] copying ominibot_driver/__init__.py -> /home/lego/2026_TIRT/build/ominibot_driver/build/lib/ominibot_driver
[0.484s] copying ominibot_driver/driver_node.py -> /home/lego/2026_TIRT/build/ominibot_driver/build/lib/ominibot_driver
[0.484s] copying ominibot_driver/ominibot_hv.py -> /home/lego/2026_TIRT/build/ominibot_driver/build/lib/ominibot_driver
[0.484s] running install
[0.484s] running install_lib
[0.484s] creating /home/lego/2026_TIRT/install/ominibot_driver/lib/python3.10/site-packages/ominibot_driver
[0.484s] copying /home/lego/2026_TIRT/build/ominibot_driver/build/lib/ominibot_driver/teleop_node.py -> /home/lego/2026_TIRT/install/ominibot_driver/lib/python3.10/site-packages/ominibot_driver
[0.484s] copying /home/lego/2026_TIRT/build/ominibot_driver/build/lib/ominibot_driver/__init__.py -> /home/lego/2026_TIRT/install/ominibot_driver/lib/python3.10/site-packages/ominibot_driver
[0.484s] copying /home/lego/2026_TIRT/build/ominibot_driver/build/lib/ominibot_driver/driver_node.py -> /home/lego/2026_TIRT/install/ominibot_driver/lib/python3.10/site-packages/ominibot_driver
[0.484s] copying /home/lego/2026_TIRT/build/ominibot_driver/build/lib/ominibot_driver/ominibot_hv.py -> /home/lego/2026_TIRT/install/ominibot_driver/lib/python3.10/site-packages/ominibot_driver
[0.484s] byte-compiling /home/lego/2026_TIRT/install/ominibot_driver/lib/python3.10/site-packages/ominibot_driver/teleop_node.py to teleop_node.cpython-310.pyc
[0.485s] byte-compiling /home/lego/2026_TIRT/install/ominibot_driver/lib/python3.10/site-packages/ominibot_driver/__init__.py to __init__.cpython-310.pyc
[0.485s] byte-compiling /home/lego/2026_TIRT/install/ominibot_driver/lib/python3.10/site-packages/ominibot_driver/driver_node.py to driver_node.cpython-310.pyc
[0.486s] byte-compiling /home/lego/2026_TIRT/install/ominibot_driver/lib/python3.10/site-packages/ominibot_driver/ominibot_hv.py to ominibot_hv.cpython-310.pyc
[0.487s] running install_data
[0.487s] creating /home/lego/2026_TIRT/install/ominibot_driver/share/ament_index
[0.487s] creating /home/lego/2026_TIRT/install/ominibot_driver/share/ament_index/resource_index
[0.487s] creating /home/lego/2026_TIRT/install/ominibot_driver/share/ament_index/resource_index/packages
[0.487s] copying resource/ominibot_driver -> /home/lego/2026_TIRT/install/ominibot_driver/share/ament_index/resource_index/packages
[0.487s] copying package.xml -> /home/lego/2026_TIRT/install/ominibot_driver/share/ominibot_driver
[0.487s] creating /home/lego/2026_TIRT/install/ominibot_driver/share/ominibot_driver/launch
[0.487s] copying launch/ominibot_driver.launch.py -> /home/lego/2026_TIRT/install/ominibot_driver/share/ominibot_driver/launch
[0.487s] running install_egg_info
[0.488s] Copying ../build/ominibot_driver/ominibot_driver.egg-info to /home/lego/2026_TIRT/install/ominibot_driver/lib/python3.10/site-packages/ominibot_driver-0.0.1-py3.10.egg-info
[0.489s] running install_scripts
[0.500s] Installing mecanum_teleop script to /home/lego/2026_TIRT/install/ominibot_driver/lib/ominibot_driver
[0.500s] Installing ominibot_driver_node script to /home/lego/2026_TIRT/install/ominibot_driver/lib/ominibot_driver
[0.500s] writing list of installed files to '/home/lego/2026_TIRT/build/ominibot_driver/install.log'
[0.515s] Invoked command in '/home/lego/2026_TIRT/ominibot_driver' returned '0': PYTHONPATH=/home/lego/2026_TIRT/build/ominibot_driver/prefix_override:/usr/lib/python3/dist-packages/colcon_core/task/python/colcon_distutils_commands:/home/lego/2026_TIRT/install/ominibot_driver/lib/python3.10/site-packages:${PYTHONPATH} /usr/bin/python3 -W ignore:setup.py install is deprecated -W ignore:easy_install command is deprecated setup.py egg_info --egg-base ../build/ominibot_driver build --build-base /home/lego/2026_TIRT/build/ominibot_driver/build install --record /home/lego/2026_TIRT/build/ominibot_driver/install.log --single-version-externally-managed install_data
