-- Install configuration: ""
-- Up-to-date: /home/lego/2026_TIRT/install/car_assemble_description/share/car_assemble_description/config
-- Installing: /home/lego/2026_TIRT/install/car_assemble_description/share/car_assemble_description/config/mapper_params_online_async.yaml
-- Up-to-date: /home/lego/2026_TIRT/install/car_assemble_description/share/car_assemble_description/config/joint_names_CAR_ASSEMBLE_URDF.yaml
-- Up-to-date: /home/lego/2026_TIRT/install/car_assemble_description/share/car_assemble_description/launch
-- Installing: /home/lego/2026_TIRT/install/car_assemble_description/share/car_assemble_description/launch/slam_pc.launch.py
-- Up-to-date: /home/lego/2026_TIRT/install/car_assemble_description/share/car_assemble_description/launch/display.launch.py
-- Up-to-date: /home/lego/2026_TIRT/install/car_assemble_description/share/car_assemble_description/launch/gazebo.launch.py
-- Installing: /home/lego/2026_TIRT/install/car_assemble_description/share/car_assemble_description/launch/robot_bringup.launch.py
-- Up-to-date: /home/lego/2026_TIRT/install/car_assemble_description/share/car_assemble_description/meshes
-- Up-to-date: /home/lego/2026_TIRT/install/car_assemble_description/share/car_assemble_description/meshes/lidar_link.STL
-- Up-to-date: /home/lego/2026_TIRT/install/car_assemble_description/share/car_assemble_description/meshes/front_right_wheel_link.STL
-- Up-to-date: /home/lego/2026_TIRT/install/car_assemble_description/share/car_assemble_description/meshes/front_left_wheel_link.STL
-- Up-to-date: /home/lego/2026_TIRT/install/car_assemble_description/share/car_assemble_description/meshes/rear_left_wheel_link.STL
-- Up-to-date: /home/lego/2026_TIRT/install/car_assemble_description/share/car_assemble_description/meshes/rear_right_wheel_link.STL
-- Up-to-date: /home/lego/2026_TIRT/install/car_assemble_description/share/car_assemble_description/meshes/base_link.STL
-- Up-to-date: /home/lego/2026_TIRT/install/car_assemble_description/share/car_assemble_description/rviz
-- Up-to-date: /home/lego/2026_TIRT/install/car_assemble_description/share/car_assemble_description/rviz/view_robot.rviz
-- Up-to-date: /home/lego/2026_TIRT/install/car_assemble_description/share/car_assemble_description/urdf
-- Up-to-date: /home/lego/2026_TIRT/install/car_assemble_description/share/car_assemble_description/urdf/CAR_ASSEMBLE_URDF.csv
-- Up-to-date: /home/lego/2026_TIRT/install/car_assemble_description/share/car_assemble_description/urdf/CAR_ASSEMBLE_URDF.urdf
-- Up-to-date: /home/lego/2026_TIRT/install/car_assemble_description/share/ament_index/resource_index/package_run_dependencies/car_assemble_description
-- Up-to-date: /home/lego/2026_TIRT/install/car_assemble_description/share/ament_index/resource_index/parent_prefix_path/car_assemble_description
-- Up-to-date: /home/lego/2026_TIRT/install/car_assemble_description/share/car_assemble_description/environment/ament_prefix_path.sh
-- Up-to-date: /home/lego/2026_TIRT/install/car_assemble_description/share/car_assemble_description/environment/ament_prefix_path.dsv
-- Up-to-date: /home/lego/2026_TIRT/install/car_assemble_description/share/car_assemble_description/environment/path.sh
-- Up-to-date: /home/lego/2026_TIRT/install/car_assemble_description/share/car_assemble_description/environment/path.dsv
-- Up-to-date: /home/lego/2026_TIRT/install/car_assemble_description/share/car_assemble_description/local_setup.bash
-- Up-to-date: /home/lego/2026_TIRT/install/car_assemble_description/share/car_assemble_description/local_setup.sh
-- Up-to-date: /home/lego/2026_TIRT/install/car_assemble_description/share/car_assemble_description/local_setup.zsh
-- Up-to-date: /home/lego/2026_TIRT/install/car_assemble_description/share/car_assemble_description/local_setup.dsv
-- Up-to-date: /home/lego/2026_TIRT/install/car_assemble_description/share/car_assemble_description/package.dsv
-- Up-to-date: /home/lego/2026_TIRT/install/car_assemble_description/share/ament_index/resource_index/packages/car_assemble_description
-- Up-to-date: /home/lego/2026_TIRT/install/car_assemble_description/share/car_assemble_description/cmake/car_assemble_descriptionConfig.cmake
-- Up-to-date: /home/lego/2026_TIRT/install/car_assemble_description/share/car_assemble_description/cmake/car_assemble_descriptionConfig-version.cmake
-- Up-to-date: /home/lego/2026_TIRT/install/car_assemble_description/share/car_assemble_description/package.xml
