[0.098s] DEBUG:colcon:Command line arguments: ['/usr/bin/colcon', 'build', '--packages-select', 'car_assemble_description']
[0.098s] DEBUG:colcon:Parsed command line arguments: Namespace(log_base=None, log_level=None, verb_name='build', build_base='build', install_base='install', merge_install=False, symlink_install=False, test_result_base=None, continue_on_error=False, executor='parallel', parallel_workers=16, event_handlers=None, ignore_user_meta=False, metas=['./colcon.meta'], base_paths=['.'], packages_ignore=None, packages_ignore_regex=None, paths=None, packages_up_to=None, packages_up_to_regex=None, packages_above=None, packages_above_and_dependencies=None, packages_above_depth=None, packages_select_by_dep=None, packages_skip_by_dep=None, packages_skip_up_to=None, packages_select_build_failed=False, packages_skip_build_finished=False, packages_select_test_failures=False, packages_skip_test_passed=False, packages_select=['car_assemble_description'], packages_skip=None, packages_select_regex=None, packages_skip_regex=None, packages_start=None, packages_end=None, allow_overriding=[], cmake_args=None, cmake_target=None, cmake_target_skip_unavailable=False, cmake_clean_cache=False, cmake_clean_first=False, cmake_force_configure=False, ament_cmake_args=None, catkin_cmake_args=None, catkin_skip_building_tests=False, mixin_files=None, mixin=None, verb_parser=<colcon_mixin.mixin.mixin_argument.MixinArgumentDecorator object at 0x7a55cf7366b0>, verb_extension=<colcon_core.verb.build.BuildVerb object at 0x7a55cf82f670>, main=<bound method BuildVerb.main of <colcon_core.verb.build.BuildVerb object at 0x7a55cf82f670>>, mixin_verb=('build',))
[0.254s] Level 1:colcon.colcon_core.package_discovery:discover_packages(colcon_meta) check parameters
[0.254s] Level 1:colcon.colcon_core.package_discovery:discover_packages(recursive) check parameters
[0.254s] Level 1:colcon.colcon_core.package_discovery:discover_packages(ignore) check parameters
[0.254s] Level 1:colcon.colcon_core.package_discovery:discover_packages(path) check parameters
[0.254s] Level 1:colcon.colcon_core.package_discovery:discover_packages(colcon_meta) discover
[0.254s] Level 1:colcon.colcon_core.package_discovery:discover_packages(recursive) discover
[0.255s] INFO:colcon.colcon_core.package_discovery:Crawling recursively for packages in '/home/lego/2026_TIRT'
[0.255s] Level 1:colcon.colcon_core.package_identification:_identify(.) by extensions ['ignore', 'ignore_ament_install']
[0.255s] Level 1:colcon.colcon_core.package_identification:_identify(.) by extension 'ignore'
[0.255s] Level 1:colcon.colcon_core.package_identification:_identify(.) by extension 'ignore_ament_install'
[0.255s] Level 1:colcon.colcon_core.package_identification:_identify(.) by extensions ['colcon_pkg']
[0.255s] Level 1:colcon.colcon_core.package_identification:_identify(.) by extension 'colcon_pkg'
[0.255s] Level 1:colcon.colcon_core.package_identification:_identify(.) by extensions ['colcon_meta']
[0.255s] Level 1:colcon.colcon_core.package_identification:_identify(.) by extension 'colcon_meta'
[0.255s] Level 1:colcon.colcon_core.package_identification:_identify(.) by extensions ['ros']
[0.255s] Level 1:colcon.colcon_core.package_identification:_identify(.) by extension 'ros'
[0.263s] Level 1:colcon.colcon_core.package_identification:_identify(.) by extensions ['cmake', 'python']
[0.263s] Level 1:colcon.colcon_core.package_identification:_identify(.) by extension 'cmake'
[0.263s] Level 1:colcon.colcon_core.package_identification:_identify(.) by extension 'python'
[0.263s] Level 1:colcon.colcon_core.package_identification:_identify(.) by extensions ['python_setup_py']
[0.263s] Level 1:colcon.colcon_core.package_identification:_identify(.) by extension 'python_setup_py'
[0.263s] Level 1:colcon.colcon_core.package_identification:_identify(CAD_files) by extensions ['ignore', 'ignore_ament_install']
[0.263s] Level 1:colcon.colcon_core.package_identification:_identify(CAD_files) by extension 'ignore'
[0.263s] Level 1:colcon.colcon_core.package_identification:_identify(CAD_files) by extension 'ignore_ament_install'
[0.263s] Level 1:colcon.colcon_core.package_identification:_identify(CAD_files) by extensions ['colcon_pkg']
[0.263s] Level 1:colcon.colcon_core.package_identification:_identify(CAD_files) by extension 'colcon_pkg'
[0.264s] Level 1:colcon.colcon_core.package_identification:_identify(CAD_files) by extensions ['colcon_meta']
[0.264s] Level 1:colcon.colcon_core.package_identification:_identify(CAD_files) by extension 'colcon_meta'
[0.264s] Level 1:colcon.colcon_core.package_identification:_identify(CAD_files) by extensions ['ros']
[0.264s] Level 1:colcon.colcon_core.package_identification:_identify(CAD_files) by extension 'ros'
[0.264s] Level 1:colcon.colcon_core.package_identification:_identify(CAD_files) by extensions ['cmake', 'python']
[0.264s] Level 1:colcon.colcon_core.package_identification:_identify(CAD_files) by extension 'cmake'
[0.264s] Level 1:colcon.colcon_core.package_identification:_identify(CAD_files) by extension 'python'
[0.264s] Level 1:colcon.colcon_core.package_identification:_identify(CAD_files) by extensions ['python_setup_py']
[0.264s] Level 1:colcon.colcon_core.package_identification:_identify(CAD_files) by extension 'python_setup_py'
[0.264s] Level 1:colcon.colcon_core.package_identification:_identify(CAD_files/3DP) by extensions ['ignore', 'ignore_ament_install']
[0.264s] Level 1:colcon.colcon_core.package_identification:_identify(CAD_files/3DP) by extension 'ignore'
[0.264s] Level 1:colcon.colcon_core.package_identification:_identify(CAD_files/3DP) by extension 'ignore_ament_install'
[0.264s] Level 1:colcon.colcon_core.package_identification:_identify(CAD_files/3DP) by extensions ['colcon_pkg']
[0.264s] Level 1:colcon.colcon_core.package_identification:_identify(CAD_files/3DP) by extension 'colcon_pkg'
[0.264s] Level 1:colcon.colcon_core.package_identification:_identify(CAD_files/3DP) by extensions ['colcon_meta']
[0.264s] Level 1:colcon.colcon_core.package_identification:_identify(CAD_files/3DP) by extension 'colcon_meta'
[0.264s] Level 1:colcon.colcon_core.package_identification:_identify(CAD_files/3DP) by extensions ['ros']
[0.264s] Level 1:colcon.colcon_core.package_identification:_identify(CAD_files/3DP) by extension 'ros'
[0.264s] Level 1:colcon.colcon_core.package_identification:_identify(CAD_files/3DP) by extensions ['cmake', 'python']
[0.264s] Level 1:colcon.colcon_core.package_identification:_identify(CAD_files/3DP) by extension 'cmake'
[0.264s] Level 1:colcon.colcon_core.package_identification:_identify(CAD_files/3DP) by extension 'python'
[0.264s] Level 1:colcon.colcon_core.package_identification:_identify(CAD_files/3DP) by extensions ['python_setup_py']
[0.264s] Level 1:colcon.colcon_core.package_identification:_identify(CAD_files/3DP) by extension 'python_setup_py'
[0.264s] Level 1:colcon.colcon_core.package_identification:_identify(CAD_files/solidworks) by extensions ['ignore', 'ignore_ament_install']
[0.264s] Level 1:colcon.colcon_core.package_identification:_identify(CAD_files/solidworks) by extension 'ignore'
[0.264s] Level 1:colcon.colcon_core.package_identification:_identify(CAD_files/solidworks) by extension 'ignore_ament_install'
[0.264s] Level 1:colcon.colcon_core.package_identification:_identify(CAD_files/solidworks) by extensions ['colcon_pkg']
[0.264s] Level 1:colcon.colcon_core.package_identification:_identify(CAD_files/solidworks) by extension 'colcon_pkg'
[0.264s] Level 1:colcon.colcon_core.package_identification:_identify(CAD_files/solidworks) by extensions ['colcon_meta']
[0.264s] Level 1:colcon.colcon_core.package_identification:_identify(CAD_files/solidworks) by extension 'colcon_meta'
[0.264s] Level 1:colcon.colcon_core.package_identification:_identify(CAD_files/solidworks) by extensions ['ros']
[0.264s] Level 1:colcon.colcon_core.package_identification:_identify(CAD_files/solidworks) by extension 'ros'
[0.264s] Level 1:colcon.colcon_core.package_identification:_identify(CAD_files/solidworks) by extensions ['cmake', 'python']
[0.264s] Level 1:colcon.colcon_core.package_identification:_identify(CAD_files/solidworks) by extension 'cmake'
[0.264s] Level 1:colcon.colcon_core.package_identification:_identify(CAD_files/solidworks) by extension 'python'
[0.264s] Level 1:colcon.colcon_core.package_identification:_identify(CAD_files/solidworks) by extensions ['python_setup_py']
[0.264s] Level 1:colcon.colcon_core.package_identification:_identify(CAD_files/solidworks) by extension 'python_setup_py'
[0.264s] Level 1:colcon.colcon_core.package_identification:_identify(CAD_files/step) by extensions ['ignore', 'ignore_ament_install']
[0.264s] Level 1:colcon.colcon_core.package_identification:_identify(CAD_files/step) by extension 'ignore'
[0.264s] Level 1:colcon.colcon_core.package_identification:_identify(CAD_files/step) by extension 'ignore_ament_install'
[0.265s] Level 1:colcon.colcon_core.package_identification:_identify(CAD_files/step) by extensions ['colcon_pkg']
[0.265s] Level 1:colcon.colcon_core.package_identification:_identify(CAD_files/step) by extension 'colcon_pkg'
[0.265s] Level 1:colcon.colcon_core.package_identification:_identify(CAD_files/step) by extensions ['colcon_meta']
[0.265s] Level 1:colcon.colcon_core.package_identification:_identify(CAD_files/step) by extension 'colcon_meta'
[0.265s] Level 1:colcon.colcon_core.package_identification:_identify(CAD_files/step) by extensions ['ros']
[0.265s] Level 1:colcon.colcon_core.package_identification:_identify(CAD_files/step) by extension 'ros'
[0.265s] Level 1:colcon.colcon_core.package_identification:_identify(CAD_files/step) by extensions ['cmake', 'python']
[0.265s] Level 1:colcon.colcon_core.package_identification:_identify(CAD_files/step) by extension 'cmake'
[0.265s] Level 1:colcon.colcon_core.package_identification:_identify(CAD_files/step) by extension 'python'
[0.265s] Level 1:colcon.colcon_core.package_identification:_identify(CAD_files/step) by extensions ['python_setup_py']
[0.265s] Level 1:colcon.colcon_core.package_identification:_identify(CAD_files/step) by extension 'python_setup_py'
[0.265s] Level 1:colcon.colcon_core.package_identification:_identify(CAD_files/step/Lego Technic Beam - 6898072) by extensions ['ignore', 'ignore_ament_install']
[0.265s] Level 1:colcon.colcon_core.package_identification:_identify(CAD_files/step/Lego Technic Beam - 6898072) by extension 'ignore'
[0.265s] Level 1:colcon.colcon_core.package_identification:_identify(CAD_files/step/Lego Technic Beam - 6898072) by extension 'ignore_ament_install'
[0.265s] Level 1:colcon.colcon_core.package_identification:_identify(CAD_files/step/Lego Technic Beam - 6898072) by extensions ['colcon_pkg']
[0.265s] Level 1:colcon.colcon_core.package_identification:_identify(CAD_files/step/Lego Technic Beam - 6898072) by extension 'colcon_pkg'
[0.265s] Level 1:colcon.colcon_core.package_identification:_identify(CAD_files/step/Lego Technic Beam - 6898072) by extensions ['colcon_meta']
[0.265s] Level 1:colcon.colcon_core.package_identification:_identify(CAD_files/step/Lego Technic Beam - 6898072) by extension 'colcon_meta'
[0.265s] Level 1:colcon.colcon_core.package_identification:_identify(CAD_files/step/Lego Technic Beam - 6898072) by extensions ['ros']
[0.265s] Level 1:colcon.colcon_core.package_identification:_identify(CAD_files/step/Lego Technic Beam - 6898072) by extension 'ros'
[0.265s] Level 1:colcon.colcon_core.package_identification:_identify(CAD_files/step/Lego Technic Beam - 6898072) by extensions ['cmake', 'python']
[0.265s] Level 1:colcon.colcon_core.package_identification:_identify(CAD_files/step/Lego Technic Beam - 6898072) by extension 'cmake'
[0.265s] Level 1:colcon.colcon_core.package_identification:_identify(CAD_files/step/Lego Technic Beam - 6898072) by extension 'python'
[0.265s] Level 1:colcon.colcon_core.package_identification:_identify(CAD_files/step/Lego Technic Beam - 6898072) by extensions ['python_setup_py']
[0.265s] Level 1:colcon.colcon_core.package_identification:_identify(CAD_files/step/Lego Technic Beam - 6898072) by extension 'python_setup_py'
[0.265s] Level 1:colcon.colcon_core.package_identification:_identify(CAD_files/step/Lego Technic Beam - 6898072/files) by extensions ['ignore', 'ignore_ament_install']
[0.265s] Level 1:colcon.colcon_core.package_identification:_identify(CAD_files/step/Lego Technic Beam - 6898072/files) by extension 'ignore'
[0.265s] Level 1:colcon.colcon_core.package_identification:_identify(CAD_files/step/Lego Technic Beam - 6898072/files) by extension 'ignore_ament_install'
[0.265s] Level 1:colcon.colcon_core.package_identification:_identify(CAD_files/step/Lego Technic Beam - 6898072/files) by extensions ['colcon_pkg']
[0.265s] Level 1:colcon.colcon_core.package_identification:_identify(CAD_files/step/Lego Technic Beam - 6898072/files) by extension 'colcon_pkg'
[0.265s] Level 1:colcon.colcon_core.package_identification:_identify(CAD_files/step/Lego Technic Beam - 6898072/files) by extensions ['colcon_meta']
[0.265s] Level 1:colcon.colcon_core.package_identification:_identify(CAD_files/step/Lego Technic Beam - 6898072/files) by extension 'colcon_meta'
[0.265s] Level 1:colcon.colcon_core.package_identification:_identify(CAD_files/step/Lego Technic Beam - 6898072/files) by extensions ['ros']
[0.265s] Level 1:colcon.colcon_core.package_identification:_identify(CAD_files/step/Lego Technic Beam - 6898072/files) by extension 'ros'
[0.265s] Level 1:colcon.colcon_core.package_identification:_identify(CAD_files/step/Lego Technic Beam - 6898072/files) by extensions ['cmake', 'python']
[0.265s] Level 1:colcon.colcon_core.package_identification:_identify(CAD_files/step/Lego Technic Beam - 6898072/files) by extension 'cmake'
[0.265s] Level 1:colcon.colcon_core.package_identification:_identify(CAD_files/step/Lego Technic Beam - 6898072/files) by extension 'python'
[0.265s] Level 1:colcon.colcon_core.package_identification:_identify(CAD_files/step/Lego Technic Beam - 6898072/files) by extensions ['python_setup_py']
[0.265s] Level 1:colcon.colcon_core.package_identification:_identify(CAD_files/step/Lego Technic Beam - 6898072/files) by extension 'python_setup_py'
[0.265s] Level 1:colcon.colcon_core.package_identification:_identify(CAD_files/step/Lego Technic Beam - 6898072/images) by extensions ['ignore', 'ignore_ament_install']
[0.265s] Level 1:colcon.colcon_core.package_identification:_identify(CAD_files/step/Lego Technic Beam - 6898072/images) by extension 'ignore'
[0.265s] Level 1:colcon.colcon_core.package_identification:_identify(CAD_files/step/Lego Technic Beam - 6898072/images) by extension 'ignore_ament_install'
[0.265s] Level 1:colcon.colcon_core.package_identification:_identify(CAD_files/step/Lego Technic Beam - 6898072/images) by extensions ['colcon_pkg']
[0.265s] Level 1:colcon.colcon_core.package_identification:_identify(CAD_files/step/Lego Technic Beam - 6898072/images) by extension 'colcon_pkg'
[0.265s] Level 1:colcon.colcon_core.package_identification:_identify(CAD_files/step/Lego Technic Beam - 6898072/images) by extensions ['colcon_meta']
[0.266s] Level 1:colcon.colcon_core.package_identification:_identify(CAD_files/step/Lego Technic Beam - 6898072/images) by extension 'colcon_meta'
[0.266s] Level 1:colcon.colcon_core.package_identification:_identify(CAD_files/step/Lego Technic Beam - 6898072/images) by extensions ['ros']
[0.266s] Level 1:colcon.colcon_core.package_identification:_identify(CAD_files/step/Lego Technic Beam - 6898072/images) by extension 'ros'
[0.266s] Level 1:colcon.colcon_core.package_identification:_identify(CAD_files/step/Lego Technic Beam - 6898072/images) by extensions ['cmake', 'python']
[0.266s] Level 1:colcon.colcon_core.package_identification:_identify(CAD_files/step/Lego Technic Beam - 6898072/images) by extension 'cmake'
[0.266s] Level 1:colcon.colcon_core.package_identification:_identify(CAD_files/step/Lego Technic Beam - 6898072/images) by extension 'python'
[0.266s] Level 1:colcon.colcon_core.package_identification:_identify(CAD_files/step/Lego Technic Beam - 6898072/images) by extensions ['python_setup_py']
[0.266s] Level 1:colcon.colcon_core.package_identification:_identify(CAD_files/step/Lego Technic Beam - 6898072/images) by extension 'python_setup_py'
[0.266s] Level 1:colcon.colcon_core.package_identification:_identify(OminiBotHV-master) by extensions ['ignore', 'ignore_ament_install']
[0.266s] Level 1:colcon.colcon_core.package_identification:_identify(OminiBotHV-master) by extension 'ignore'
[0.266s] Level 1:colcon.colcon_core.package_identification:_identify(OminiBotHV-master) by extension 'ignore_ament_install'
[0.266s] Level 1:colcon.colcon_core.package_identification:_identify(OminiBotHV-master) by extensions ['colcon_pkg']
[0.266s] Level 1:colcon.colcon_core.package_identification:_identify(OminiBotHV-master) by extension 'colcon_pkg'
[0.266s] Level 1:colcon.colcon_core.package_identification:_identify(OminiBotHV-master) by extensions ['colcon_meta']
[0.266s] Level 1:colcon.colcon_core.package_identification:_identify(OminiBotHV-master) by extension 'colcon_meta'
[0.266s] Level 1:colcon.colcon_core.package_identification:_identify(OminiBotHV-master) by extensions ['ros']
[0.266s] Level 1:colcon.colcon_core.package_identification:_identify(OminiBotHV-master) by extension 'ros'
[0.266s] Level 1:colcon.colcon_core.package_identification:_identify(OminiBotHV-master) by extensions ['cmake', 'python']
[0.266s] Level 1:colcon.colcon_core.package_identification:_identify(OminiBotHV-master) by extension 'cmake'
[0.266s] Level 1:colcon.colcon_core.package_identification:_identify(OminiBotHV-master) by extension 'python'
[0.266s] Level 1:colcon.colcon_core.package_identification:_identify(OminiBotHV-master) by extensions ['python_setup_py']
[0.266s] Level 1:colcon.colcon_core.package_identification:_identify(OminiBotHV-master) by extension 'python_setup_py'
[0.266s] Level 1:colcon.colcon_core.package_identification:_identify(OminiBotHV-master/communication) by extensions ['ignore', 'ignore_ament_install']
[0.266s] Level 1:colcon.colcon_core.package_identification:_identify(OminiBotHV-master/communication) by extension 'ignore'
[0.266s] Level 1:colcon.colcon_core.package_identification:_identify(OminiBotHV-master/communication) by extension 'ignore_ament_install'
[0.266s] Level 1:colcon.colcon_core.package_identification:_identify(OminiBotHV-master/communication) by extensions ['colcon_pkg']
[0.266s] Level 1:colcon.colcon_core.package_identification:_identify(OminiBotHV-master/communication) by extension 'colcon_pkg'
[0.266s] Level 1:colcon.colcon_core.package_identification:_identify(OminiBotHV-master/communication) by extensions ['colcon_meta']
[0.266s] Level 1:colcon.colcon_core.package_identification:_identify(OminiBotHV-master/communication) by extension 'colcon_meta'
[0.266s] Level 1:colcon.colcon_core.package_identification:_identify(OminiBotHV-master/communication) by extensions ['ros']
[0.266s] Level 1:colcon.colcon_core.package_identification:_identify(OminiBotHV-master/communication) by extension 'ros'
[0.266s] Level 1:colcon.colcon_core.package_identification:_identify(OminiBotHV-master/communication) by extensions ['cmake', 'python']
[0.266s] Level 1:colcon.colcon_core.package_identification:_identify(OminiBotHV-master/communication) by extension 'cmake'
[0.266s] Level 1:colcon.colcon_core.package_identification:_identify(OminiBotHV-master/communication) by extension 'python'
[0.266s] Level 1:colcon.colcon_core.package_identification:_identify(OminiBotHV-master/communication) by extensions ['python_setup_py']
[0.266s] Level 1:colcon.colcon_core.package_identification:_identify(OminiBotHV-master/communication) by extension 'python_setup_py'
[0.266s] Level 1:colcon.colcon_core.package_identification:_identify(OminiBotHV-master/example) by extensions ['ignore', 'ignore_ament_install']
[0.266s] Level 1:colcon.colcon_core.package_identification:_identify(OminiBotHV-master/example) by extension 'ignore'
[0.267s] Level 1:colcon.colcon_core.package_identification:_identify(OminiBotHV-master/example) by extension 'ignore_ament_install'
[0.267s] Level 1:colcon.colcon_core.package_identification:_identify(OminiBotHV-master/example) by extensions ['colcon_pkg']
[0.267s] Level 1:colcon.colcon_core.package_identification:_identify(OminiBotHV-master/example) by extension 'colcon_pkg'
[0.267s] Level 1:colcon.colcon_core.package_identification:_identify(OminiBotHV-master/example) by extensions ['colcon_meta']
[0.267s] Level 1:colcon.colcon_core.package_identification:_identify(OminiBotHV-master/example) by extension 'colcon_meta'
[0.267s] Level 1:colcon.colcon_core.package_identification:_identify(OminiBotHV-master/example) by extensions ['ros']
[0.267s] Level 1:colcon.colcon_core.package_identification:_identify(OminiBotHV-master/example) by extension 'ros'
[0.267s] Level 1:colcon.colcon_core.package_identification:_identify(OminiBotHV-master/example) by extensions ['cmake', 'python']
[0.267s] Level 1:colcon.colcon_core.package_identification:_identify(OminiBotHV-master/example) by extension 'cmake'
[0.267s] Level 1:colcon.colcon_core.package_identification:_identify(OminiBotHV-master/example) by extension 'python'
[0.267s] Level 1:colcon.colcon_core.package_identification:_identify(OminiBotHV-master/example) by extensions ['python_setup_py']
[0.267s] Level 1:colcon.colcon_core.package_identification:_identify(OminiBotHV-master/example) by extension 'python_setup_py'
[0.267s] Level 1:colcon.colcon_core.package_identification:_identify(OminiBotHV-master/example/__pycache__) by extensions ['ignore', 'ignore_ament_install']
[0.267s] Level 1:colcon.colcon_core.package_identification:_identify(OminiBotHV-master/example/__pycache__) by extension 'ignore'
[0.267s] Level 1:colcon.colcon_core.package_identification:_identify(OminiBotHV-master/example/__pycache__) by extension 'ignore_ament_install'
[0.267s] Level 1:colcon.colcon_core.package_identification:_identify(OminiBotHV-master/example/__pycache__) by extensions ['colcon_pkg']
[0.267s] Level 1:colcon.colcon_core.package_identification:_identify(OminiBotHV-master/example/__pycache__) by extension 'colcon_pkg'
[0.267s] Level 1:colcon.colcon_core.package_identification:_identify(OminiBotHV-master/example/__pycache__) by extensions ['colcon_meta']
[0.267s] Level 1:colcon.colcon_core.package_identification:_identify(OminiBotHV-master/example/__pycache__) by extension 'colcon_meta'
[0.267s] Level 1:colcon.colcon_core.package_identification:_identify(OminiBotHV-master/example/__pycache__) by extensions ['ros']
[0.267s] Level 1:colcon.colcon_core.package_identification:_identify(OminiBotHV-master/example/__pycache__) by extension 'ros'
[0.267s] Level 1:colcon.colcon_core.package_identification:_identify(OminiBotHV-master/example/__pycache__) by extensions ['cmake', 'python']
[0.267s] Level 1:colcon.colcon_core.package_identification:_identify(OminiBotHV-master/example/__pycache__) by extension 'cmake'
[0.267s] Level 1:colcon.colcon_core.package_identification:_identify(OminiBotHV-master/example/__pycache__) by extension 'python'
[0.267s] Level 1:colcon.colcon_core.package_identification:_identify(OminiBotHV-master/example/__pycache__) by extensions ['python_setup_py']
[0.267s] Level 1:colcon.colcon_core.package_identification:_identify(OminiBotHV-master/example/__pycache__) by extension 'python_setup_py'
[0.267s] Level 1:colcon.colcon_core.package_identification:_identify(OminiBotHV-master/firmware) by extensions ['ignore', 'ignore_ament_install']
[0.267s] Level 1:colcon.colcon_core.package_identification:_identify(OminiBotHV-master/firmware) by extension 'ignore'
[0.267s] Level 1:colcon.colcon_core.package_identification:_identify(OminiBotHV-master/firmware) by extension 'ignore_ament_install'
[0.267s] Level 1:colcon.colcon_core.package_identification:_identify(OminiBotHV-master/firmware) by extensions ['colcon_pkg']
[0.267s] Level 1:colcon.colcon_core.package_identification:_identify(OminiBotHV-master/firmware) by extension 'colcon_pkg'
[0.267s] Level 1:colcon.colcon_core.package_identification:_identify(OminiBotHV-master/firmware) by extensions ['colcon_meta']
[0.267s] Level 1:colcon.colcon_core.package_identification:_identify(OminiBotHV-master/firmware) by extension 'colcon_meta'
[0.267s] Level 1:colcon.colcon_core.package_identification:_identify(OminiBotHV-master/firmware) by extensions ['ros']
[0.267s] Level 1:colcon.colcon_core.package_identification:_identify(OminiBotHV-master/firmware) by extension 'ros'
[0.267s] Level 1:colcon.colcon_core.package_identification:_identify(OminiBotHV-master/firmware) by extensions ['cmake', 'python']
[0.267s] Level 1:colcon.colcon_core.package_identification:_identify(OminiBotHV-master/firmware) by extension 'cmake'
[0.267s] Level 1:colcon.colcon_core.package_identification:_identify(OminiBotHV-master/firmware) by extension 'python'
[0.267s] Level 1:colcon.colcon_core.package_identification:_identify(OminiBotHV-master/firmware) by extensions ['python_setup_py']
[0.267s] Level 1:colcon.colcon_core.package_identification:_identify(OminiBotHV-master/firmware) by extension 'python_setup_py'
[0.267s] Level 1:colcon.colcon_core.package_identification:_identify(OminiBotHV-master/image) by extensions ['ignore', 'ignore_ament_install']
[0.267s] Level 1:colcon.colcon_core.package_identification:_identify(OminiBotHV-master/image) by extension 'ignore'
[0.267s] Level 1:colcon.colcon_core.package_identification:_identify(OminiBotHV-master/image) by extension 'ignore_ament_install'
[0.267s] Level 1:colcon.colcon_core.package_identification:_identify(OminiBotHV-master/image) by extensions ['colcon_pkg']
[0.267s] Level 1:colcon.colcon_core.package_identification:_identify(OminiBotHV-master/image) by extension 'colcon_pkg'
[0.267s] Level 1:colcon.colcon_core.package_identification:_identify(OminiBotHV-master/image) by extensions ['colcon_meta']
[0.267s] Level 1:colcon.colcon_core.package_identification:_identify(OminiBotHV-master/image) by extension 'colcon_meta'
[0.268s] Level 1:colcon.colcon_core.package_identification:_identify(OminiBotHV-master/image) by extensions ['ros']
[0.268s] Level 1:colcon.colcon_core.package_identification:_identify(OminiBotHV-master/image) by extension 'ros'
[0.268s] Level 1:colcon.colcon_core.package_identification:_identify(OminiBotHV-master/image) by extensions ['cmake', 'python']
[0.268s] Level 1:colcon.colcon_core.package_identification:_identify(OminiBotHV-master/image) by extension 'cmake'
[0.268s] Level 1:colcon.colcon_core.package_identification:_identify(OminiBotHV-master/image) by extension 'python'
[0.268s] Level 1:colcon.colcon_core.package_identification:_identify(OminiBotHV-master/image) by extensions ['python_setup_py']
[0.268s] Level 1:colcon.colcon_core.package_identification:_identify(OminiBotHV-master/image) by extension 'python_setup_py'
[0.268s] Level 1:colcon.colcon_core.package_identification:_identify(build) by extensions ['ignore', 'ignore_ament_install']
[0.268s] Level 1:colcon.colcon_core.package_identification:_identify(build) by extension 'ignore'
[0.268s] Level 1:colcon.colcon_core.package_identification:_identify(build) ignored
[0.268s] Level 1:colcon.colcon_core.package_identification:_identify(car_assemble_description) by extensions ['ignore', 'ignore_ament_install']
[0.268s] Level 1:colcon.colcon_core.package_identification:_identify(car_assemble_description) by extension 'ignore'
[0.268s] Level 1:colcon.colcon_core.package_identification:_identify(car_assemble_description) by extension 'ignore_ament_install'
[0.268s] Level 1:colcon.colcon_core.package_identification:_identify(car_assemble_description) by extensions ['colcon_pkg']
[0.268s] Level 1:colcon.colcon_core.package_identification:_identify(car_assemble_description) by extension 'colcon_pkg'
[0.268s] Level 1:colcon.colcon_core.package_identification:_identify(car_assemble_description) by extensions ['colcon_meta']
[0.268s] Level 1:colcon.colcon_core.package_identification:_identify(car_assemble_description) by extension 'colcon_meta'
[0.268s] Level 1:colcon.colcon_core.package_identification:_identify(car_assemble_description) by extensions ['ros']
[0.268s] Level 1:colcon.colcon_core.package_identification:_identify(car_assemble_description) by extension 'ros'
[0.270s] DEBUG:colcon.colcon_core.package_identification:Package 'car_assemble_description' with type 'ros.ament_cmake' and name 'car_assemble_description'
[0.270s] Level 1:colcon.colcon_core.package_identification:_identify(dds) by extensions ['ignore', 'ignore_ament_install']
[0.271s] Level 1:colcon.colcon_core.package_identification:_identify(dds) by extension 'ignore'
[0.271s] Level 1:colcon.colcon_core.package_identification:_identify(dds) by extension 'ignore_ament_install'
[0.271s] Level 1:colcon.colcon_core.package_identification:_identify(dds) by extensions ['colcon_pkg']
[0.271s] Level 1:colcon.colcon_core.package_identification:_identify(dds) by extension 'colcon_pkg'
[0.271s] Level 1:colcon.colcon_core.package_identification:_identify(dds) by extensions ['colcon_meta']
[0.271s] Level 1:colcon.colcon_core.package_identification:_identify(dds) by extension 'colcon_meta'
[0.271s] Level 1:colcon.colcon_core.package_identification:_identify(dds) by extensions ['ros']
[0.271s] Level 1:colcon.colcon_core.package_identification:_identify(dds) by extension 'ros'
[0.271s] Level 1:colcon.colcon_core.package_identification:_identify(dds) by extensions ['cmake', 'python']
[0.271s] Level 1:colcon.colcon_core.package_identification:_identify(dds) by extension 'cmake'
[0.271s] Level 1:colcon.colcon_core.package_identification:_identify(dds) by extension 'python'
[0.271s] Level 1:colcon.colcon_core.package_identification:_identify(dds) by extensions ['python_setup_py']
[0.271s] Level 1:colcon.colcon_core.package_identification:_identify(dds) by extension 'python_setup_py'
[0.271s] Level 1:colcon.colcon_core.package_identification:_identify(install) by extensions ['ignore', 'ignore_ament_install']
[0.271s] Level 1:colcon.colcon_core.package_identification:_identify(install) by extension 'ignore'
[0.271s] Level 1:colcon.colcon_core.package_identification:_identify(install) ignored
[0.271s] Level 1:colcon.colcon_core.package_identification:_identify(log) by extensions ['ignore', 'ignore_ament_install']
[0.271s] Level 1:colcon.colcon_core.package_identification:_identify(log) by extension 'ignore'
[0.271s] Level 1:colcon.colcon_core.package_identification:_identify(log) ignored
[0.271s] Level 1:colcon.colcon_core.package_identification:_identify(maps) by extensions ['ignore', 'ignore_ament_install']
[0.271s] Level 1:colcon.colcon_core.package_identification:_identify(maps) by extension 'ignore'
[0.271s] Level 1:colcon.colcon_core.package_identification:_identify(maps) by extension 'ignore_ament_install'
[0.271s] Level 1:colcon.colcon_core.package_identification:_identify(maps) by extensions ['colcon_pkg']
[0.271s] Level 1:colcon.colcon_core.package_identification:_identify(maps) by extension 'colcon_pkg'
[0.271s] Level 1:colcon.colcon_core.package_identification:_identify(maps) by extensions ['colcon_meta']
[0.271s] Level 1:colcon.colcon_core.package_identification:_identify(maps) by extension 'colcon_meta'
[0.271s] Level 1:colcon.colcon_core.package_identification:_identify(maps) by extensions ['ros']
[0.271s] Level 1:colcon.colcon_core.package_identification:_identify(maps) by extension 'ros'
[0.271s] Level 1:colcon.colcon_core.package_identification:_identify(maps) by extensions ['cmake', 'python']
[0.271s] Level 1:colcon.colcon_core.package_identification:_identify(maps) by extension 'cmake'
[0.271s] Level 1:colcon.colcon_core.package_identification:_identify(maps) by extension 'python'
[0.271s] Level 1:colcon.colcon_core.package_identification:_identify(maps) by extensions ['python_setup_py']
[0.271s] Level 1:colcon.colcon_core.package_identification:_identify(maps) by extension 'python_setup_py'
[0.271s] Level 1:colcon.colcon_core.package_identification:_identify(ominibot_driver) by extensions ['ignore', 'ignore_ament_install']
[0.271s] Level 1:colcon.colcon_core.package_identification:_identify(ominibot_driver) by extension 'ignore'
[0.271s] Level 1:colcon.colcon_core.package_identification:_identify(ominibot_driver) by extension 'ignore_ament_install'
[0.271s] Level 1:colcon.colcon_core.package_identification:_identify(ominibot_driver) by extensions ['colcon_pkg']
[0.271s] Level 1:colcon.colcon_core.package_identification:_identify(ominibot_driver) by extension 'colcon_pkg'
[0.271s] Level 1:colcon.colcon_core.package_identification:_identify(ominibot_driver) by extensions ['colcon_meta']
[0.271s] Level 1:colcon.colcon_core.package_identification:_identify(ominibot_driver) by extension 'colcon_meta'
[0.271s] Level 1:colcon.colcon_core.package_identification:_identify(ominibot_driver) by extensions ['ros']
[0.271s] Level 1:colcon.colcon_core.package_identification:_identify(ominibot_driver) by extension 'ros'
[0.272s] DEBUG:colcon.colcon_core.package_identification:Package 'ominibot_driver' with type 'ros.ament_python' and name 'ominibot_driver'
[0.272s] Level 1:colcon.colcon_core.package_identification:_identify(udev) by extensions ['ignore', 'ignore_ament_install']
[0.272s] Level 1:colcon.colcon_core.package_identification:_identify(udev) by extension 'ignore'
[0.272s] Level 1:colcon.colcon_core.package_identification:_identify(udev) by extension 'ignore_ament_install'
[0.272s] Level 1:colcon.colcon_core.package_identification:_identify(udev) by extensions ['colcon_pkg']
[0.272s] Level 1:colcon.colcon_core.package_identification:_identify(udev) by extension 'colcon_pkg'
[0.272s] Level 1:colcon.colcon_core.package_identification:_identify(udev) by extensions ['colcon_meta']
[0.272s] Level 1:colcon.colcon_core.package_identification:_identify(udev) by extension 'colcon_meta'
[0.272s] Level 1:colcon.colcon_core.package_identification:_identify(udev) by extensions ['ros']
[0.272s] Level 1:colcon.colcon_core.package_identification:_identify(udev) by extension 'ros'
[0.272s] Level 1:colcon.colcon_core.package_identification:_identify(udev) by extensions ['cmake', 'python']
[0.272s] Level 1:colcon.colcon_core.package_identification:_identify(udev) by extension 'cmake'
[0.272s] Level 1:colcon.colcon_core.package_identification:_identify(udev) by extension 'python'
[0.272s] Level 1:colcon.colcon_core.package_identification:_identify(udev) by extensions ['python_setup_py']
[0.272s] Level 1:colcon.colcon_core.package_identification:_identify(udev) by extension 'python_setup_py'
[0.272s] Level 1:colcon.colcon_core.package_discovery:discover_packages(recursive) using defaults
[0.272s] Level 1:colcon.colcon_core.package_discovery:discover_packages(ignore) discover
[0.272s] Level 1:colcon.colcon_core.package_discovery:discover_packages(ignore) using defaults
[0.272s] Level 1:colcon.colcon_core.package_discovery:discover_packages(path) discover
[0.272s] Level 1:colcon.colcon_core.package_discovery:discover_packages(path) using defaults
[0.300s] INFO:colcon.colcon_core.package_selection:Skipping not selected package 'ominibot_driver' in 'ominibot_driver'
[0.301s] Level 1:colcon.colcon_core.package_discovery:discover_packages(prefix_path) check parameters
[0.301s] Level 1:colcon.colcon_core.package_discovery:discover_packages(prefix_path) discover
[0.303s] DEBUG:colcon.colcon_installed_package_information.package_discovery:Found 3 installed packages in /home/lego/ros2_ws/install
[0.303s] DEBUG:colcon.colcon_installed_package_information.package_discovery:Found 281 installed packages in /opt/ros/humble
[0.304s] Level 1:colcon.colcon_core.package_discovery:discover_packages(prefix_path) using defaults
[0.324s] Level 5:colcon.colcon_core.verb:set package 'car_assemble_description' build argument 'cmake_args' from command line to 'None'
[0.325s] Level 5:colcon.colcon_core.verb:set package 'car_assemble_description' build argument 'cmake_target' from command line to 'None'
[0.325s] Level 5:colcon.colcon_core.verb:set package 'car_assemble_description' build argument 'cmake_target_skip_unavailable' from command line to 'False'
[0.325s] Level 5:colcon.colcon_core.verb:set package 'car_assemble_description' build argument 'cmake_clean_cache' from command line to 'False'
[0.325s] Level 5:colcon.colcon_core.verb:set package 'car_assemble_description' build argument 'cmake_clean_first' from command line to 'False'
[0.325s] Level 5:colcon.colcon_core.verb:set package 'car_assemble_description' build argument 'cmake_force_configure' from command line to 'False'
[0.325s] Level 5:colcon.colcon_core.verb:set package 'car_assemble_description' build argument 'ament_cmake_args' from command line to 'None'
[0.325s] Level 5:colcon.colcon_core.verb:set package 'car_assemble_description' build argument 'catkin_cmake_args' from command line to 'None'
[0.325s] Level 5:colcon.colcon_core.verb:set package 'car_assemble_description' build argument 'catkin_skip_building_tests' from command line to 'False'
[0.325s] DEBUG:colcon.colcon_core.verb:Building package 'car_assemble_description' with the following arguments: {'ament_cmake_args': None, 'build_base': '/home/lego/2026_TIRT/build/car_assemble_description', 'catkin_cmake_args': None, 'catkin_skip_building_tests': False, 'cmake_args': None, 'cmake_clean_cache': False, 'cmake_clean_first': False, 'cmake_force_configure': False, 'cmake_target': None, 'cmake_target_skip_unavailable': False, 'install_base': '/home/lego/2026_TIRT/install/car_assemble_description', 'merge_install': False, 'path': '/home/lego/2026_TIRT/car_assemble_description', 'symlink_install': False, 'test_result_base': None}
[0.325s] INFO:colcon.colcon_core.executor:Executing jobs using 'parallel' executor
[0.325s] DEBUG:colcon.colcon_parallel_executor.executor.parallel:run_until_complete
[0.325s] INFO:colcon.colcon_ros.task.ament_cmake.build:Building ROS package in '/home/lego/2026_TIRT/car_assemble_description' with build type 'ament_cmake'
[0.326s] INFO:colcon.colcon_cmake.task.cmake.build:Building CMake package in '/home/lego/2026_TIRT/car_assemble_description'
[0.329s] INFO:colcon.colcon_core.plugin_system:Skipping extension 'colcon_core.shell.bat': Not used on non-Windows systems
[0.329s] INFO:colcon.colcon_core.shell:Skip shell extension 'powershell' for command environment: Not usable outside of PowerShell
[0.329s] DEBUG:colcon.colcon_core.shell:Skip shell extension 'dsv' for command environment
[0.330s] WARNING:colcon.colcon_core.shell:The following packages are in the workspace but haven't been built:
- ominibot_driver
They are being used from the following locations instead:
- /home/lego/ros2_ws/install/ominibot_driver
To suppress this warning ignore these packages in the workspace:
--packages-ignore ominibot_driver
[0.336s] DEBUG:colcon.colcon_core.event_handler.log_command:Invoking command in '/home/lego/2026_TIRT/build/car_assemble_description': CMAKE_PREFIX_PATH=${CMAKE_PREFIX_PATH}:/home/lego/ros2_ws/install/ominibot_driver:/opt/ros/humble /usr/bin/cmake /home/lego/2026_TIRT/car_assemble_description -DCMAKE_INSTALL_PREFIX=/home/lego/2026_TIRT/install/car_assemble_description
[0.905s] DEBUG:colcon.colcon_core.event_handler.log_command:Invoked command in '/home/lego/2026_TIRT/build/car_assemble_description' returned '0': CMAKE_PREFIX_PATH=${CMAKE_PREFIX_PATH}:/home/lego/ros2_ws/install/ominibot_driver:/opt/ros/humble /usr/bin/cmake /home/lego/2026_TIRT/car_assemble_description -DCMAKE_INSTALL_PREFIX=/home/lego/2026_TIRT/install/car_assemble_description
[0.906s] DEBUG:colcon.colcon_core.event_handler.log_command:Invoking command in '/home/lego/2026_TIRT/build/car_assemble_description': CMAKE_PREFIX_PATH=${CMAKE_PREFIX_PATH}:/home/lego/ros2_ws/install/ominibot_driver:/opt/ros/humble /usr/bin/cmake --build /home/lego/2026_TIRT/build/car_assemble_description -- -j16 -l16
[0.934s] DEBUG:colcon.colcon_core.event_handler.log_command:Invoked command in '/home/lego/2026_TIRT/build/car_assemble_description' returned '0': CMAKE_PREFIX_PATH=${CMAKE_PREFIX_PATH}:/home/lego/ros2_ws/install/ominibot_driver:/opt/ros/humble /usr/bin/cmake --build /home/lego/2026_TIRT/build/car_assemble_description -- -j16 -l16
[0.944s] DEBUG:colcon.colcon_core.event_handler.log_command:Invoking command in '/home/lego/2026_TIRT/build/car_assemble_description': CMAKE_PREFIX_PATH=${CMAKE_PREFIX_PATH}:/home/lego/ros2_ws/install/ominibot_driver:/opt/ros/humble /usr/bin/cmake --install /home/lego/2026_TIRT/build/car_assemble_description
[0.998s] Level 1:colcon.colcon_core.environment:create_environment_scripts_only(car_assemble_description)
[0.999s] DEBUG:colcon.colcon_core.event_handler.log_command:Invoked command in '/home/lego/2026_TIRT/build/car_assemble_description' returned '0': CMAKE_PREFIX_PATH=${CMAKE_PREFIX_PATH}:/home/lego/ros2_ws/install/ominibot_driver:/opt/ros/humble /usr/bin/cmake --install /home/lego/2026_TIRT/build/car_assemble_description
[1.004s] Level 1:colcon.colcon_core.environment:checking '/home/lego/2026_TIRT/install/car_assemble_description' for CMake module files
[1.004s] Level 1:colcon.colcon_core.environment:checking '/home/lego/2026_TIRT/install/car_assemble_description' for CMake config files
[1.004s] Level 1:colcon.colcon_core.shell:create_environment_hook('car_assemble_description', 'cmake_prefix_path')
[1.004s] INFO:colcon.colcon_core.shell:Creating environment hook '/home/lego/2026_TIRT/install/car_assemble_description/share/car_assemble_description/hook/cmake_prefix_path.ps1'
[1.005s] INFO:colcon.colcon_core.shell:Creating environment descriptor '/home/lego/2026_TIRT/install/car_assemble_description/share/car_assemble_description/hook/cmake_prefix_path.dsv'
[1.006s] INFO:colcon.colcon_core.shell:Creating environment hook '/home/lego/2026_TIRT/install/car_assemble_description/share/car_assemble_description/hook/cmake_prefix_path.sh'
[1.006s] Level 1:colcon.colcon_core.environment:checking '/home/lego/2026_TIRT/install/car_assemble_description/bin'
[1.006s] Level 1:colcon.colcon_core.environment:checking '/home/lego/2026_TIRT/install/car_assemble_description/lib/pkgconfig/car_assemble_description.pc'
[1.007s] Level 1:colcon.colcon_core.environment:checking '/home/lego/2026_TIRT/install/car_assemble_description/lib/python3.10/site-packages'
[1.007s] Level 1:colcon.colcon_core.environment:checking '/home/lego/2026_TIRT/install/car_assemble_description/bin'
[1.007s] INFO:colcon.colcon_core.shell:Creating package script '/home/lego/2026_TIRT/install/car_assemble_description/share/car_assemble_description/package.ps1'
[1.007s] INFO:colcon.colcon_core.shell:Creating package descriptor '/home/lego/2026_TIRT/install/car_assemble_description/share/car_assemble_description/package.dsv'
[1.008s] INFO:colcon.colcon_core.shell:Creating package script '/home/lego/2026_TIRT/install/car_assemble_description/share/car_assemble_description/package.sh'
[1.008s] INFO:colcon.colcon_core.shell:Creating package script '/home/lego/2026_TIRT/install/car_assemble_description/share/car_assemble_description/package.bash'
[1.009s] INFO:colcon.colcon_core.shell:Creating package script '/home/lego/2026_TIRT/install/car_assemble_description/share/car_assemble_description/package.zsh'
[1.009s] Level 1:colcon.colcon_core.environment:create_file_with_runtime_dependencies(/home/lego/2026_TIRT/install/car_assemble_description/share/colcon-core/packages/car_assemble_description)
[1.010s] Level 1:colcon.colcon_core.environment:create_environment_scripts_only(car_assemble_description)
[1.010s] Level 1:colcon.colcon_core.environment:checking '/home/lego/2026_TIRT/install/car_assemble_description' for CMake module files
[1.010s] Level 1:colcon.colcon_core.environment:checking '/home/lego/2026_TIRT/install/car_assemble_description' for CMake config files
[1.010s] Level 1:colcon.colcon_core.shell:create_environment_hook('car_assemble_description', 'cmake_prefix_path')
[1.010s] INFO:colcon.colcon_core.shell:Creating environment hook '/home/lego/2026_TIRT/install/car_assemble_description/share/car_assemble_description/hook/cmake_prefix_path.ps1'
[1.011s] INFO:colcon.colcon_core.shell:Creating environment descriptor '/home/lego/2026_TIRT/install/car_assemble_description/share/car_assemble_description/hook/cmake_prefix_path.dsv'
[1.011s] INFO:colcon.colcon_core.shell:Creating environment hook '/home/lego/2026_TIRT/install/car_assemble_description/share/car_assemble_description/hook/cmake_prefix_path.sh'
[1.011s] Level 1:colcon.colcon_core.environment:checking '/home/lego/2026_TIRT/install/car_assemble_description/bin'
[1.011s] Level 1:colcon.colcon_core.environment:checking '/home/lego/2026_TIRT/install/car_assemble_description/lib/pkgconfig/car_assemble_description.pc'
[1.011s] Level 1:colcon.colcon_core.environment:checking '/home/lego/2026_TIRT/install/car_assemble_description/lib/python3.10/site-packages'
[1.011s] Level 1:colcon.colcon_core.environment:checking '/home/lego/2026_TIRT/install/car_assemble_description/bin'
[1.011s] INFO:colcon.colcon_core.shell:Creating package script '/home/lego/2026_TIRT/install/car_assemble_description/share/car_assemble_description/package.ps1'
[1.012s] INFO:colcon.colcon_core.shell:Creating package descriptor '/home/lego/2026_TIRT/install/car_assemble_description/share/car_assemble_description/package.dsv'
[1.012s] INFO:colcon.colcon_core.shell:Creating package script '/home/lego/2026_TIRT/install/car_assemble_description/share/car_assemble_description/package.sh'
[1.012s] INFO:colcon.colcon_core.shell:Creating package script '/home/lego/2026_TIRT/install/car_assemble_description/share/car_assemble_description/package.bash'
[1.012s] INFO:colcon.colcon_core.shell:Creating package script '/home/lego/2026_TIRT/install/car_assemble_description/share/car_assemble_description/package.zsh'
[1.012s] Level 1:colcon.colcon_core.environment:create_file_with_runtime_dependencies(/home/lego/2026_TIRT/install/car_assemble_description/share/colcon-core/packages/car_assemble_description)
[1.013s] DEBUG:colcon.colcon_parallel_executor.executor.parallel:closing loop
[1.013s] DEBUG:colcon.colcon_parallel_executor.executor.parallel:loop closed
[1.013s] DEBUG:colcon.colcon_parallel_executor.executor.parallel:run_until_complete finished with '0'
[1.013s] DEBUG:colcon.colcon_core.event_reactor:joining thread
[1.020s] INFO:colcon.colcon_core.plugin_system:Skipping extension 'colcon_notification.desktop_notification.terminal_notifier': Not used on non-Darwin systems
[1.021s] INFO:colcon.colcon_core.plugin_system:Skipping extension 'colcon_notification.desktop_notification.win32': Not used on non-Windows systems
[1.021s] INFO:colcon.colcon_notification.desktop_notification:Sending desktop notification using 'notify2'
[1.031s] DEBUG:colcon.colcon_core.event_reactor:joined thread
[1.031s] INFO:colcon.colcon_core.shell:Creating prefix script '/home/lego/2026_TIRT/install/local_setup.ps1'
[1.032s] INFO:colcon.colcon_core.shell:Creating prefix util module '/home/lego/2026_TIRT/install/_local_setup_util_ps1.py'
[1.036s] INFO:colcon.colcon_core.shell:Creating prefix chain script '/home/lego/2026_TIRT/install/setup.ps1'
[1.038s] INFO:colcon.colcon_core.shell:Creating prefix script '/home/lego/2026_TIRT/install/local_setup.sh'
[1.039s] INFO:colcon.colcon_core.shell:Creating prefix util module '/home/lego/2026_TIRT/install/_local_setup_util_sh.py'
[1.040s] INFO:colcon.colcon_core.shell:Creating prefix chain script '/home/lego/2026_TIRT/install/setup.sh'
[1.042s] INFO:colcon.colcon_core.shell:Creating prefix script '/home/lego/2026_TIRT/install/local_setup.bash'
[1.043s] INFO:colcon.colcon_core.shell:Creating prefix chain script '/home/lego/2026_TIRT/install/setup.bash'
[1.045s] INFO:colcon.colcon_core.shell:Creating prefix script '/home/lego/2026_TIRT/install/local_setup.zsh'
[1.046s] INFO:colcon.colcon_core.shell:Creating prefix chain script '/home/lego/2026_TIRT/install/setup.zsh'
