[0.010s] Invoking command in '/home/lego/2026_TIRT/build/car_assemble_description': CMAKE_PREFIX_PATH=${CMAKE_PREFIX_PATH}:/home/lego/ros2_ws/install/ominibot_driver:/opt/ros/humble /usr/bin/cmake /home/lego/2026_TIRT/car_assemble_description -DCMAKE_INSTALL_PREFIX=/home/lego/2026_TIRT/install/car_assemble_description
[0.097s] -- The C compiler identification is GNU 11.4.0
[0.170s] -- The CXX compiler identification is GNU 11.4.0
[0.182s] -- Detecting C compiler ABI info
[0.249s] -- Detecting C compiler ABI info - done
[0.261s] -- Check for working C compiler: /usr/bin/cc - skipped
[0.262s] -- Detecting C compile features
[0.263s] -- Detecting C compile features - done
[0.268s] -- Detecting CXX compiler ABI info
[0.344s] -- Detecting CXX compiler ABI info - done
[0.348s] -- Check for working CXX compiler: /usr/bin/c++ - skipped
[0.348s] -- Detecting CXX compile features
[0.349s] -- Detecting CXX compile features - done
[0.357s] -- Found ament_cmake: 1.3.11 (/opt/ros/humble/share/ament_cmake/cmake)
[0.459s] -- Found Python3: /usr/bin/python3 (found version "3.10.12") found components: Interpreter 
[0.572s] -- Configuring done
[0.573s] -- Generating done
[0.574s] -- Build files have been written to: /home/lego/2026_TIRT/build/car_assemble_description
[0.579s] Invoked command in '/home/lego/2026_TIRT/build/car_assemble_description' returned '0': CMAKE_PREFIX_PATH=${CMAKE_PREFIX_PATH}:/home/lego/ros2_ws/install/ominibot_driver:/opt/ros/humble /usr/bin/cmake /home/lego/2026_TIRT/car_assemble_description -DCMAKE_INSTALL_PREFIX=/home/lego/2026_TIRT/install/car_assemble_description
[0.580s] Invoking command in '/home/lego/2026_TIRT/build/car_assemble_description': CMAKE_PREFIX_PATH=${CMAKE_PREFIX_PATH}:/home/lego/ros2_ws/install/ominibot_driver:/opt/ros/humble /usr/bin/cmake --build /home/lego/2026_TIRT/build/car_assemble_description -- -j16 -l16
[0.608s] Invoked command in '/home/lego/2026_TIRT/build/car_assemble_description' returned '0': CMAKE_PREFIX_PATH=${CMAKE_PREFIX_PATH}:/home/lego/ros2_ws/install/ominibot_driver:/opt/ros/humble /usr/bin/cmake --build /home/lego/2026_TIRT/build/car_assemble_description -- -j16 -l16
[0.618s] Invoking command in '/home/lego/2026_TIRT/build/car_assemble_description': CMAKE_PREFIX_PATH=${CMAKE_PREFIX_PATH}:/home/lego/ros2_ws/install/ominibot_driver:/opt/ros/humble /usr/bin/cmake --install /home/lego/2026_TIRT/build/car_assemble_description
[0.623s] -- Install configuration: ""
[0.623s] -- Installing: /home/lego/2026_TIRT/install/car_assemble_description/share/car_assemble_description/config
[0.623s] -- Installing: /home/lego/2026_TIRT/install/car_assemble_description/share/car_assemble_description/config/joint_names_CAR_ASSEMBLE_URDF.yaml
[0.624s] -- Installing: /home/lego/2026_TIRT/install/car_assemble_description/share/car_assemble_description/launch
[0.624s] -- Installing: /home/lego/2026_TIRT/install/car_assemble_description/share/car_assemble_description/launch/display.launch.py
[0.624s] -- Installing: /home/lego/2026_TIRT/install/car_assemble_description/share/car_assemble_description/launch/gazebo.launch.py
[0.624s] -- Installing: /home/lego/2026_TIRT/install/car_assemble_description/share/car_assemble_description/launch/robot_bringup.launch.py
[0.624s] -- Installing: /home/lego/2026_TIRT/install/car_assemble_description/share/car_assemble_description/meshes
[0.624s] -- Installing: /home/lego/2026_TIRT/install/car_assemble_description/share/car_assemble_description/meshes/lidar_link.STL
[0.625s] -- Installing: /home/lego/2026_TIRT/install/car_assemble_description/share/car_assemble_description/meshes/front_right_wheel_link.STL
[0.627s] -- Installing: /home/lego/2026_TIRT/install/car_assemble_description/share/car_assemble_description/meshes/front_left_wheel_link.STL
[0.631s] -- Installing: /home/lego/2026_TIRT/install/car_assemble_description/share/car_assemble_description/meshes/rear_left_wheel_link.STL
[0.634s] -- Installing: /home/lego/2026_TIRT/install/car_assemble_description/share/car_assemble_description/meshes/rear_right_wheel_link.STL
[0.637s] -- Installing: /home/lego/2026_TIRT/install/car_assemble_description/share/car_assemble_description/meshes/base_link.STL
[0.667s] -- Installing: /home/lego/2026_TIRT/install/car_assemble_description/share/car_assemble_description/rviz
[0.667s] -- Installing: /home/lego/2026_TIRT/install/car_assemble_description/share/car_assemble_description/rviz/view_robot.rviz
[0.667s] -- Installing: /home/lego/2026_TIRT/install/car_assemble_description/share/car_assemble_description/urdf
[0.667s] -- Installing: /home/lego/2026_TIRT/install/car_assemble_description/share/car_assemble_description/urdf/CAR_ASSEMBLE_URDF.csv
[0.667s] -- Installing: /home/lego/2026_TIRT/install/car_assemble_description/share/car_assemble_description/urdf/CAR_ASSEMBLE_URDF.urdf
[0.667s] -- Installing: /home/lego/2026_TIRT/install/car_assemble_description/share/ament_index/resource_index/package_run_dependencies/car_assemble_description
[0.668s] -- Installing: /home/lego/2026_TIRT/install/car_assemble_description/share/ament_index/resource_index/parent_prefix_path/car_assemble_description
[0.668s] -- Installing: /home/lego/2026_TIRT/install/car_assemble_description/share/car_assemble_description/environment/ament_prefix_path.sh
[0.668s] -- Installing: /home/lego/2026_TIRT/install/car_assemble_description/share/car_assemble_description/environment/ament_prefix_path.dsv
[0.668s] -- Installing: /home/lego/2026_TIRT/install/car_assemble_description/share/car_assemble_description/environment/path.sh
[0.668s] -- Installing: /home/lego/2026_TIRT/install/car_assemble_description/share/car_assemble_description/environment/path.dsv
[0.668s] -- Installing: /home/lego/2026_TIRT/install/car_assemble_description/share/car_assemble_description/local_setup.bash
[0.668s] -- Installing: /home/lego/2026_TIRT/install/car_assemble_description/share/car_assemble_description/local_setup.sh
[0.668s] -- Installing: /home/lego/2026_TIRT/install/car_assemble_description/share/car_assemble_description/local_setup.zsh
[0.668s] -- Installing: /home/lego/2026_TIRT/install/car_assemble_description/share/car_assemble_description/local_setup.dsv
[0.668s] -- Installing: /home/lego/2026_TIRT/install/car_assemble_description/share/car_assemble_description/package.dsv
[0.668s] -- Installing: /home/lego/2026_TIRT/install/car_assemble_description/share/ament_index/resource_index/packages/car_assemble_description
[0.669s] -- Installing: /home/lego/2026_TIRT/install/car_assemble_description/share/car_assemble_description/cmake/car_assemble_descriptionConfig.cmake
[0.669s] -- Installing: /home/lego/2026_TIRT/install/car_assemble_description/share/car_assemble_description/cmake/car_assemble_descriptionConfig-version.cmake
[0.669s] -- Installing: /home/lego/2026_TIRT/install/car_assemble_description/share/car_assemble_description/package.xml
[0.672s] Invoked command in '/home/lego/2026_TIRT/build/car_assemble_description' returned '0': CMAKE_PREFIX_PATH=${CMAKE_PREFIX_PATH}:/home/lego/ros2_ws/install/ominibot_driver:/opt/ros/humble /usr/bin/cmake --install /home/lego/2026_TIRT/build/car_assemble_description
