/home/lego/2026_TIRT/install/ominibot_driver/lib/python3.10/site-packages/ominibot_driver/teleop_node.py
/home/lego/2026_TIRT/install/ominibot_driver/lib/python3.10/site-packages/ominibot_driver/__init__.py
/home/lego/2026_TIRT/install/ominibot_driver/lib/python3.10/site-packages/ominibot_driver/driver_node.py
/home/lego/2026_TIRT/install/ominibot_driver/lib/python3.10/site-packages/ominibot_driver/ominibot_hv.py
/home/lego/2026_TIRT/install/ominibot_driver/lib/python3.10/site-packages/ominibot_driver/__pycache__/teleop_node.cpython-310.pyc
/home/lego/2026_TIRT/install/ominibot_driver/lib/python3.10/site-packages/ominibot_driver/__pycache__/__init__.cpython-310.pyc
/home/lego/2026_TIRT/install/ominibot_driver/lib/python3.10/site-packages/ominibot_driver/__pycache__/driver_node.cpython-310.pyc
/home/lego/2026_TIRT/install/ominibot_driver/lib/python3.10/site-packages/ominibot_driver/__pycache__/ominibot_hv.cpython-310.pyc
/home/lego/2026_TIRT/install/ominibot_driver/share/ament_index/resource_index/packages/ominibot_driver
/home/lego/2026_TIRT/install/ominibot_driver/share/ominibot_driver/package.xml
/home/lego/2026_TIRT/install/ominibot_driver/share/ominibot_driver/launch/ominibot_driver.launch.py
/home/lego/2026_TIRT/install/ominibot_driver/lib/python3.10/site-packages/ominibot_driver-0.0.1-py3.10.egg-info/requires.txt
/home/lego/2026_TIRT/install/ominibot_driver/lib/python3.10/site-packages/ominibot_driver-0.0.1-py3.10.egg-info/SOURCES.txt
/home/lego/2026_TIRT/install/ominibot_driver/lib/python3.10/site-packages/ominibot_driver-0.0.1-py3.10.egg-info/top_level.txt
/home/lego/2026_TIRT/install/ominibot_driver/lib/python3.10/site-packages/ominibot_driver-0.0.1-py3.10.egg-info/zip-safe
/home/lego/2026_TIRT/install/ominibot_driver/lib/python3.10/site-packages/ominibot_driver-0.0.1-py3.10.egg-info/PKG-INFO
/home/lego/2026_TIRT/install/ominibot_driver/lib/python3.10/site-packages/ominibot_driver-0.0.1-py3.10.egg-info/dependency_links.txt
/home/lego/2026_TIRT/install/ominibot_driver/lib/python3.10/site-packages/ominibot_driver-0.0.1-py3.10.egg-info/entry_points.txt
/home/lego/2026_TIRT/install/ominibot_driver/lib/ominibot_driver/mecanum_teleop
/home/lego/2026_TIRT/install/ominibot_driver/lib/ominibot_driver/ominibot_driver_node
